###############################################################
 # This report contains names of design units along with parameter
 # values and self instances.
 # Some parameters may have more than one possible values for that
 # design unit, values will be unique for instances. It is indicated as
 # "Multiple Values".
 # In some cases instance count shown may be less than actual instance
 # count in the design due to optimizations. It is indicated as
 # "Optimized".
###############################################################


Design Unit Name: 'APB_FSM_Controller', (../RTL/APB_Controller.v:11)
    Parameters (Total 8)
        ST_IDLE = 3'b0  (default: 3'b0)
        ST_WWAIT = 3'b1  (default: 3'b1)
        ST_READ = 3'b010  (default: 3'b010)
        ST_WRITE = 3'b011  (default: 3'b011)
        ST_WRITEP = 3'b100  (default: 3'b100)
        ST_RENABLE = 3'b101  (default: 3'b101)
        ST_WENABLE = 3'b110  (default: 3'b110)
        ST_WENABLEP = 3'b111  (default: 3'b111)
    Instances (Total: 0)
=============================================


Design Unit Name: 'APB_FSM_Controller_sva', (../sva/APB_FSM_Controller_sva.sv:1)
    Parameters (Total 8)
        ST_IDLE = 3'b0  (default: 3'b0)
        ST_WWAIT = 3'b1  (default: 3'b1)
        ST_READ = 3'b010  (default: 3'b010)
        ST_WRITE = 3'b011  (default: 3'b011)
        ST_WRITEP = 3'b100  (default: 3'b100)
        ST_RENABLE = 3'b101  (default: 3'b101)
        ST_WENABLE = 3'b110  (default: 3'b110)
        ST_WENABLEP = 3'b111  (default: 3'b111)
    Instances (Total 1)
        APB_FSM_Controller.APB_FSM_Controller_chk
=============================================


